// Vitest Snapshot v1, https://vitest.dev/guide/snapshot.html

exports[`Cover Art renders correctly 1`] = `<div />`;
